// Jest Snapshot v1, https://goo.gl/fbAQLP

exports[`<CheckboxInt /> should render the controlled checkbox with a label 1`] = `
<Component
  value={true}
>
  Value
</Component>
`;

exports[`<CheckboxInt /> should render the disabled, uncontrolled checkbox 1`] = `
<Component
  defaultValue={true}
  disabled={true}
/>
`;
