// Jest Snapshot v1, https://goo.gl/fbAQLP

exports[`<Tabs /> should render a <Tabs> component with some props 1`] = `
<Tabs
  defaultIndex={2}
>
  <TabControl
    defaultIndex={2}
    render={[Function]}
  >
    <Responsive
      items={
        Array [
          Object {
            "active": false,
            "element": <TabPage
              header="First"
            >
              First content.
            </TabPage>,
            "onSelect": [Function],
          },
          Object {
            "active": false,
            "element": <TabPage
              header="Second"
            >
              Second content.
            </TabPage>,
            "onSelect": [Function],
          },
          Object {
            "active": true,
            "element": <TabPage
              header="Third"
            >
              Third content.
            </TabPage>,
            "onSelect": [Function],
          },
          Object {
            "active": false,
            "element": <TabPage
              header="Last"
            >
              Final content.
            </TabPage>,
            "onSelect": [Function],
          },
        ]
      }
    >
      <ModeProvider
        dimensions={
          Object {
            "angle": 0,
            "height": 768,
            "width": 1024,
          }
        }
        innerRef={[Function]}
        items={
          Array [
            Object {
              "active": false,
              "element": <TabPage
                header="First"
              >
                First content.
              </TabPage>,
              "onSelect": [Function],
            },
            Object {
              "active": false,
              "element": <TabPage
                header="Second"
              >
                Second content.
              </TabPage>,
              "onSelect": [Function],
            },
            Object {
              "active": true,
              "element": <TabPage
                header="Third"
              >
                Third content.
              </TabPage>,
              "onSelect": [Function],
            },
            Object {
              "active": false,
              "element": <TabPage
                header="Last"
              >
                Final content.
              </TabPage>,
              "onSelect": [Function],
            },
          ]
        }
      >
        <TabInt
          dimensions={
            Object {
              "angle": 0,
              "height": 768,
              "width": 1024,
            }
          }
          innerRef={[Function]}
          items={
            Array [
              Object {
                "active": false,
                "element": <TabPage
                  header="First"
                >
                  First content.
                </TabPage>,
                "onSelect": [Function],
              },
              Object {
                "active": false,
                "element": <TabPage
                  header="Second"
                >
                  Second content.
                </TabPage>,
                "onSelect": [Function],
              },
              Object {
                "active": true,
                "element": <TabPage
                  header="Third"
                >
                  Third content.
                </TabPage>,
                "onSelect": [Function],
              },
              Object {
                "active": false,
                "element": <TabPage
                  header="Last"
                >
                  Final content.
                </TabPage>,
                "onSelect": [Function],
              },
            ]
          }
          mode="tab"
        >
          <div>
            <TabPanel
              data={
                Array [
                  Object {
                    "active": false,
                    "element": <TabPage
                      header="First"
                    >
                      First content.
                    </TabPage>,
                    "onSelect": [Function],
                  },
                  Object {
                    "active": false,
                    "element": <TabPage
                      header="Second"
                    >
                      Second content.
                    </TabPage>,
                    "onSelect": [Function],
                  },
                  Object {
                    "active": true,
                    "element": <TabPage
                      header="Third"
                    >
                      Third content.
                    </TabPage>,
                    "onSelect": [Function],
                  },
                  Object {
                    "active": false,
                    "element": <TabPage
                      header="Last"
                    >
                      Final content.
                    </TabPage>,
                    "onSelect": [Function],
                  },
                ]
              }
              dimensions={
                Object {
                  "angle": 0,
                  "height": 768,
                  "width": 1024,
                }
              }
            >
              <styled.div
                dimensions={
                  Object {
                    "angle": 0,
                    "height": 768,
                    "width": 1024,
                  }
                }
              >
                <div
                  className="sc-bdVaJa bDWFJH"
                >
                  <styled.ul>
                    <ul
                      className="sc-bwzfXH kqITuJ"
                    >
                      <styled.li
                        active={false}
                        key="head-0"
                        onClick={[Function]}
                      >
                        <li
                          className="sc-bxivhb dswZLu"
                          onClick={[Function]}
                        >
                          First
                        </li>
                      </styled.li>
                      <styled.li
                        active={false}
                        key="head-1"
                        onClick={[Function]}
                      >
                        <li
                          className="sc-bxivhb dswZLu"
                          onClick={[Function]}
                        >
                          Second
                        </li>
                      </styled.li>
                      <styled.li
                        active={true}
                        key="head-2"
                        onClick={[Function]}
                      >
                        <li
                          className="sc-bxivhb fCMGKn"
                          onClick={[Function]}
                        >
                          Third
                        </li>
                      </styled.li>
                      <styled.li
                        active={false}
                        key="head-3"
                        onClick={[Function]}
                      >
                        <li
                          className="sc-bxivhb dswZLu"
                          onClick={[Function]}
                        >
                          Last
                        </li>
                      </styled.li>
                    </ul>
                  </styled.ul>
                  <styled.div>
                    <div
                      className="sc-htpNat KtFsv"
                    >
                      <styled.div
                        active={false}
                        key="item-0"
                      >
                        <div
                          className="sc-ifAKCX jYugZ"
                        >
                          <TabPage
                            header="First"
                          >
                            <div>
                              First content.
                            </div>
                          </TabPage>
                        </div>
                      </styled.div>
                      <styled.div
                        active={false}
                        key="item-1"
                      >
                        <div
                          className="sc-ifAKCX jYugZ"
                        >
                          <TabPage
                            header="Second"
                          >
                            <div>
                              Second content.
                            </div>
                          </TabPage>
                        </div>
                      </styled.div>
                      <styled.div
                        active={true}
                        key="item-2"
                      >
                        <div
                          className="sc-ifAKCX cpuQTc"
                        >
                          <TabPage
                            header="Third"
                          >
                            <div>
                              Third content.
                            </div>
                          </TabPage>
                        </div>
                      </styled.div>
                      <styled.div
                        active={false}
                        key="item-3"
                      >
                        <div
                          className="sc-ifAKCX jYugZ"
                        >
                          <TabPage
                            header="Last"
                          >
                            <div>
                              Final content.
                            </div>
                          </TabPage>
                        </div>
                      </styled.div>
                    </div>
                  </styled.div>
                </div>
              </styled.div>
            </TabPanel>
          </div>
        </TabInt>
      </ModeProvider>
    </Responsive>
  </TabControl>
</Tabs>
`;
